DQ079869_1	DQ079870_4	DQ079871_3	DQ079872_3	DQ079874_4	DQ079875_4	DQ079876_4	DQ079877_1	DQ079879_4	GQ149088_3	J02482_7	M1N21L55_1	V00657_1	X60322_5	X60323_4
DQ079869_3	DQ079870_6	DQ079871_5	DQ079872_5	DQ079874_6	DQ079875_6	DQ079876_6	DQ079877_3	DQ079879_6	GQ149088_5	J02482_2	M1N21L55_3	V00657_3	X60322_7	X60323_6
DQ079869_4	DQ079870_7	DQ079871_6	DQ079872_6	DQ079874_7	DQ079875_7	DQ079876_7	DQ079877_4	DQ079879_8	GQ149088_6	J02482_4	M1N21L55_5	V00657_4	X60322_8	X60323_7
DQ079869_5	DQ079870_8	DQ079871_7	DQ079872_7	DQ079874_8	DQ079875_8	DQ079876_8	DQ079877_5	DQ079879_9	GQ149088_7	J02482_5	M1N21L55_6	V00657_5	X60322_9	X60323_8
DQ079869_6	DQ079870_9	DQ079871_8	DQ079872_8	DQ079874_9	DQ079875_9	DQ079876_9	DQ079877_6	DQ079879_10	GQ149088_8	J02482_6	M1N21L55_7	V00657_6	X60322_10	X60323_9
DQ079870_1	DQ079871_1	DQ079872_1	DQ079874_1	DQ079875_1	DQ079876_1	DQ079879_1	GQ149088_1	X60322_1	X60322_2	X60323_1
DQ079870_5	DQ079871_4	DQ079872_4	DQ079874_5	DQ079875_5	DQ079876_5	DQ079879_5	GQ149088_4	X60322_6	X60323_5
DQ079870_3	DQ079871_2	DQ079874_3	DQ079875_3	DQ079876_3	DQ079879_3	GQ149088_2	X60322_4	X60323_3
DQ079870_2	DQ079872_2	DQ079874_2	DQ079875_2	DQ079876_2	DQ079879_2	X60322_3	X60323_2
AE002163_2	AF306496_1	AJ270057_1	D00624_1	D00624_6	M17988_5	U41758_2
AE002163_3	AJ270057_2	D00624_2	M17988_6	U41758_3
AE002163_5	AJ270057_4	U41758_5	AF306496_5	D00624_4
AE002163_1	AJ270057_5	U41758_1	U41758_6
DQ079869_2	DQ079877_2	M1N21L55_2	V00657_2
AE002163_4	AJ270057_3	U41758_4
DQ079879_7	J02482_3	M1N21L55_4
