AF304460_1	AF353511_1	AJ271965_1	AY274119_1	AY567487_1	AY585228_1	AY597011_1	AY613950_1	AY700211_2	DQ648858_1	EF065505_1	EF065509_1	EF065513_1	EF203064_1	EU111742_2	EU420138_1	EU420139_1	FJ376619_1	FJ376622_1	HM245925_1	JQ065043_1	JQ065044_1	JQ065047_1	JQ065048_1	JQ065049_1	JQ989270_1	JX503061_1	JX869059_1	KC545383_1	KF294380_1	KF430219_1	KF636752_1	KF793824_2	KJ473806_1	KJ473807_1	KJ473809_1	KM349742_1	KM454473_1	KR902510_1	KU762338_1	KY073745_1	KY352407_1	KY370046_1	KY370053_1	M95169_1	MG693168_1	MH938449_1	MK359255_1	MK472067_1	MK472068_1	MK472070_1	MK611985_1	MK720944_1	MN611525_1	MN908947_1	MN996532_1	MT663548_1	OP288969_1
AF304460_2	AF353511_2	AJ271965_2	AY274119_2	AY567487_2	AY585228_2	AY597011_2	AY613950_2	AY700211_3	DQ648858_2	EF065505_2	EF065509_3	EF065513_2	EF203064_2	EU111742_3	EU420138_2	EU420139_2	FJ376619_2	FJ376622_2	HM245925_2	JQ065043_2	JQ065044_2	JQ065047_3	JQ065048_2	JQ065049_2	JQ989270_2	JX503061_2	JX869059_2	KC545383_2	KF294380_2	KF430219_2	KF636752_2	KF793824_3	KJ473806_2	KJ473807_2	KJ473809_2	KM349742_3	KM454473_2	KR902510_2	KU762338_2	KY073745_2	KY352407_2	KY370046_2	KY370053_2	M95169_2	MG693168_2	MH938449_2	MK359255_2	MK472067_2	MK472068_2	MK472070_2	MK611985_2	MK720944_2	MN611525_2	MN908947_2	MN996532_2	MT663548_2	OP288969_2
AF304460_3	AF353511_3	AJ271965_3	AY274119_3	AY567487_3	AY585228_5	AY597011_4	AY613950_3	AY700211_6	DQ648858_3	EF065505_3	EF065509_4	EF065513_3	EU111742_4	EU420138_3	EU420139_3	FJ376619_3	FJ376622_3	HM245925_3	JQ065043_3	JQ065044_3	JQ065047_4	JQ065048_3	JQ065049_3	JQ989270_3	JX503061_3	JX869059_3	KC545383_3	KF294380_4	KF430219_3	KF636752_4	KF793824_4	KJ473806_3	KJ473807_3	KJ473809_3	KM349742_6	KM454473_3	KR902510_3	KU762338_3	KY073745_3	KY352407_3	KY370046_5	M95169_3	MG693168_3	MH938449_3	MK359255_3	MK472067_3	MK472068_3	MK472070_3	MK720944_3	MN611525_3	MN908947_3	MN996532_3	MT663548_3	OP288969_3	EF203064_3	KY370053_3	KF294380_8
AF304460_7	AF353511_5	AJ271965_6	AY274119_6	AY567487_5	AY585228_8	AY597011_7	AY613950_6	AY700211_10	DQ648858_6	EF065505_8	EF065513_6	EF203064_6	EU111742_6	EU420138_6	EU420139_6	HM245925_6	JQ989270_6	JX503061_6	JX869059_8	KC545383_9	KF294380_7	KF430219_6	KF636752_7	KF793824_6	KJ473806_6	KJ473807_5	KJ473809_6	KM349742_10	KU762338_5	KY073745_5	KY352407_6	KY370046_10	MG693168_6	MH938449_5	MK472067_6	MK472068_5	MK472070_5	MK720944_5	MN611525_6	MN908947_5	MN996532_5	MT663548_5	OP288969_8	KR902510_6	KY370053_7	M95169_6	MK359255_5	KM454473_6	EF065509_9
AF304460_4	AF353511_4	AY567487_4	DQ648858_4	EU420138_4	EU420139_4	JQ989270_4	JX503061_4	KJ473806_4	KJ473809_4	KY073745_4	MK472067_4	MK472068_4	MK472070_4	MN611525_4	AF304460_5	KF430219_4	KJ473807_4	MT663548_4	KF294380_5	MH938449_4	AJ271965_5	EF203064_4	HM245925_4	MK720944_4
AF304460_8	AF353511_6	AJ271965_7	AY567487_6	DQ648858_7	EF203064_7	EU420138_7	EU420139_7	HM245925_7	JQ989270_7	JX503061_7	KF294380_9	KF430219_7	KJ473806_7	KJ473807_6	KJ473809_7	KY073745_6	MH938449_6	MK472067_7	MK472068_6	MK472070_6	MK720944_6	MN611525_7	MT663548_6
AY274119_8	AY585228_9	AY597011_8	AY613950_8	AY700211_11	KF636752_9	KM349742_11	KY352407_9	KY370046_11	KY370053_8	MN908947_9	MN996532_9	EF065505_9	EF065509_10	JX869059_9	MG693168_7	OP288969_9	EF065513_7	KC545383_10	KU762338_6
KM454473_9	KR902510_8	M95169_7	EU111742_15	KF793824_15	MK359255_10	JQ065048_7	JQ065049_7	JQ065047_8	FJ376619_7	FJ376622_6	JQ065043_6	JQ065044_6
EU420139_5	DQ648858_5	EF203064_5	EU420138_5	HM245925_5	JQ989270_5	KF430219_5	KJ473806_5	KJ473809_5	MK472067_5	MN611525_5	KY370053_6
FJ376619_5	FJ376622_4	JQ065043_4	JQ065044_4	JQ065047_6	JQ065049_5	JQ065048_5
AY274119_4	AY613950_4	KY352407_4	MN908947_4	MN996532_4
AY274119_7	AY613950_7	KY352407_7	MN908947_6	MN996532_6
AY585228_3	AY700211_4	KF294380_3	KM349742_4	KY370046_3
AY585228_4	AY597011_3	AY700211_5	KM349742_5	KY370046_4
AY585228_6	AY597011_5	AY700211_8	KM349742_8	KY370046_8
AY585228_7	AY597011_6	AY700211_9	KM349742_9	KY370046_9
EF065505_4	EF065509_5	JX869059_4	OP288969_4	KC545383_4
EF065505_5	EF065509_6	JX869059_5	KC545383_6	OP288969_5
EF065505_6	EF065509_7	JX869059_6	KC545383_7	OP288969_6
FJ376619_6	FJ376622_5	JQ065043_5	JQ065044_5	JQ065048_6
AY274119_5	AY613950_5	KF636752_6	KY352407_5
EF065505_7	OP288969_7	JX869059_7	KC545383_8
FJ376619_4	JQ065049_4	JQ065047_5	JQ065048_4
JQ065048_9	KM454473_4	KR902510_4	M95169_4
KM454473_5	KR902510_5	M95169_5	MK359255_4
AY700211_7	KM349742_7	KY370046_7
EF065513_4	KU762338_4	MG693168_4
KJ473809_8	MH938449_7	MK472067_8
KM454473_7	KR902510_7	MK359255_6
KY352407_8	MN908947_7	MN996532_7
AF304460_6	JX503061_5
EF065513_5	MG693168_5
EF065513_8	KU762338_7
EF065513_9	KU762338_9
EU111742_1	KF793824_1
EU111742_10	KF793824_10
EU111742_11	KF793824_11
EU111742_12	KF793824_12
EU111742_13	KF793824_13
EU111742_14	KF793824_14
EU111742_5	KF793824_5
EU111742_7	KF793824_7
EU111742_8	KF793824_8
EU111742_9	KF793824_9
JQ065047_9	JQ065049_10
MK472068_7	MK720944_7
MN908947_8	MN996532_8
