# hmmbuild :: profile HMM construction from multiple sequence alignments
# HMMER 3.3.2 (Nov 2020); http://hmmer.org/
# Copyright (C) 2020 Howard Hughes Medical Institute.
# Freely distributed under the BSD open source license.
# - - - - - - - - - - - - - - - - - - - - - - - - - - - - - - - - - - - -
# input alignment file:             Coronaviridae/HMMER/JQ065047_10.aln
# output HMM file:                  Coronaviridae/HMMER/JQ065047_10.hmm
# input alignment is asserted as:   protein
# - - - - - - - - - - - - - - - - - - - - - - - - - - - - - - - - - - - -

# idx name                  nseq  alen  mlen eff_nseq re/pos description
#---- -------------------- ----- ----- ----- -------- ------ -----------
1     JQ065047_10              1    98    97     0.38  0.591 

# CPU time: 0.04u 0.00s 00:00:00.04 Elapsed: 00:00:00.04
