# hmmsearch :: search profile(s) against a sequence database
# HMMER 3.3.2 (Nov 2020); http://hmmer.org/
# Copyright (C) 2020 Howard Hughes Medical Institute.
# Freely distributed under the BSD open source license.
# - - - - - - - - - - - - - - - - - - - - - - - - - - - - - - - - - - - -
# query HMM file:                  Coronaviridae/HMMER/15.hmm
# target sequence database:        ../db/uniprotkb_taxonomy_name_Viruses_AND_key_2023_09_21.fasta
# per-seq hits tabular output:     Coronaviridae/HMMER/15.tblout
# show alignments in output:       no
# - - - - - - - - - - - - - - - - - - - - - - - - - - - - - - - - - - - -

Query:       15  [M=109]
Scores for complete sequences (score includes all domains):
   --- full sequence ---   --- best 1 domain ---    -#dom-
    E-value  score  bias    E-value  score  bias    exp  N  Sequence                       Description
    ------- ------ -----    ------- ------ -----   ---- --  --------                       -----------
    4.3e-57  195.7   1.3    4.8e-57  195.6   1.3    1.0  1  sp|Q04853|NS12_CVHOC            Non-structural protein of 12.9 k
    6.3e-56  192.0   1.1      7e-56  191.9   1.1    1.0  1  tr|A4ZU00|A4ZU00_9BETC          12.7 kDa non-structural protein 
    1.5e-55  190.8   2.0    1.6e-55  190.7   2.0    1.0  1  tr|H9AA66|H9AA66_9BETC          NS5a protein OS=Rabbit coronavir
      3e-54  186.6   1.8    3.4e-54  186.4   1.8    1.0  1  sp|Q774I1|NS12_CVP67            Non-structural protein of 12.7 k
    8.2e-52  178.8   0.9    9.1e-52  178.6   0.9    1.0  1  sp|Q0ZME6|NS12_CVHN5            Non-structural protein 4 OS=Huma
    8.2e-52  178.8   0.9    9.1e-52  178.6   0.9    1.0  1  sp|Q14EA9|NS12_CVHN2            Non-structural protein 4 OS=Huma
    9.9e-52  178.5   0.6    1.1e-51  178.4   0.6    1.0  1  sp|P0C5A7|NS12_CVMA5            Non-structural protein of 12.7 k
    9.9e-52  178.5   0.6    1.1e-51  178.4   0.6    1.0  1  tr|C0KZ01|C0KZ01_9BETC          Non-structural protein ns5 OS=Mu
      5e-51  176.2   1.2    5.5e-51  176.1   1.2    1.0  1  tr|Q9PY98|Q9PY98_CVM2           Non-structural protein OS=Murine
    1.7e-48  168.1   0.1    1.9e-48  167.9   0.1    1.0  1  tr|A0A0A7UXT6|A0A0A7UXT6_9BETC  Non-structural protein NS5 OS=Be
  ------ inclusion threshold ------
        1.4   13.9   0.1          2   13.4   0.1    1.2  1  tr|B2BW36|B2BW36_BWCOV          ORF 5a OS=Beluga whale coronavir
        2.3   13.2   0.1        5.4   12.0   0.0    1.7  2  tr|A0A2Z5HB99|A0A2Z5HB99_9CAUD  Uncharacterized protein OS=Esche
        2.5   13.1   0.3    6.2e+02    5.4   0.1    2.8  3  tr|A0A7U3NKM4|A0A7U3NKM4_9CAUD  Site-specific tyrosine recombina
        2.7   13.0   0.1        6.1   11.9   0.0    1.6  2  tr|A0A5A4U604|A0A5A4U604_9CAUD  Phage protein OS=Escherichia pha
        2.8   12.9   0.1    1.5e+02    7.4   0.0    2.9  2  tr|M1JNV9|M1JNV9_NPVSL          DNA-directed DNA polymerase OS=S
        2.9   12.9   0.1         10   11.1   0.0    1.9  2  tr|A0A5P8D330|A0A5P8D330_9CAUD  Virion structural protein OS=Ser
        3.3   12.7   0.0        6.1   11.8   0.0    1.5  1  tr|A0A097EXY8|A0A097EXY8_9CAUD  Uncharacterized protein OS=Esche
        4.5   12.3   0.0        4.9   12.1   0.0    1.1  1  tr|A0A8S5KXS5|A0A8S5KXS5_9VIRU  Uncharacterized protein OS=ssRNA


Domain annotation for each sequence:
>> sp|Q04853|NS12_CVHOC  Non-structural protein of 12.9 kDa OS=Human coronavirus OC43 OX=31631 GN=5a PE=3 SV=1
   #    score  bias  c-Evalue  i-Evalue hmmfrom  hmm to    alifrom  ali to    envfrom  env to     acc
 ---   ------ ----- --------- --------- ------- -------    ------- -------    ------- -------    ----
   1 !  195.6   1.3   1.5e-61   4.8e-57       1     109 []       1     109 []       1     109 [] 0.99

>> tr|A4ZU00|A4ZU00_9BETC  12.7 kDa non-structural protein OS=Bovine coronavirus R-AH65 OX=422214 GN=A5G_008 PE=4 SV=1
   #    score  bias  c-Evalue  i-Evalue hmmfrom  hmm to    alifrom  ali to    envfrom  env to     acc
 ---   ------ ----- --------- --------- ------- -------    ------- -------    ------- -------    ----
   1 !  191.9   1.1   2.2e-60     7e-56       1     109 []       1     109 []       1     109 [] 0.99

>> tr|H9AA66|H9AA66_9BETC  NS5a protein OS=Rabbit coronavirus HKU14 OX=1160968 GN=NS5a PE=4 SV=1
   #    score  bias  c-Evalue  i-Evalue hmmfrom  hmm to    alifrom  ali to    envfrom  env to     acc
 ---   ------ ----- --------- --------- ------- -------    ------- -------    ------- -------    ----
   1 !  190.7   2.0   5.1e-60   1.6e-55       1     109 []       1     109 []       1     109 [] 0.99

>> sp|Q774I1|NS12_CVP67  Non-structural protein of 12.7 kDa OS=Porcine hemagglutinating encephalomyelitis virus (strain 
   #    score  bias  c-Evalue  i-Evalue hmmfrom  hmm to    alifrom  ali to    envfrom  env to     acc
 ---   ------ ----- --------- --------- ------- -------    ------- -------    ------- -------    ----
   1 !  186.4   1.8     1e-58   3.4e-54       1     109 []       1     109 []       1     109 [] 0.99

>> sp|Q0ZME6|NS12_CVHN5  Non-structural protein 4 OS=Human coronavirus HKU1 (isolate N5) OX=443241 GN=4 PE=3 SV=1
   #    score  bias  c-Evalue  i-Evalue hmmfrom  hmm to    alifrom  ali to    envfrom  env to     acc
 ---   ------ ----- --------- --------- ------- -------    ------- -------    ------- -------    ----
   1 !  178.6   0.9   2.8e-56   9.1e-52       1     109 []       1     109 []       1     109 [] 0.99

>> sp|Q14EA9|NS12_CVHN2  Non-structural protein 4 OS=Human coronavirus HKU1 (isolate N2) OX=443240 GN=4 PE=3 SV=1
   #    score  bias  c-Evalue  i-Evalue hmmfrom  hmm to    alifrom  ali to    envfrom  env to     acc
 ---   ------ ----- --------- --------- ------- -------    ------- -------    ------- -------    ----
   1 !  178.6   0.9   2.8e-56   9.1e-52       1     109 []       1     109 []       1     109 [] 0.99

>> sp|P0C5A7|NS12_CVMA5  Non-structural protein of 12.7 kDa OS=Murine coronavirus (strain A59) OX=11142 GN=5a PE=3 SV=1
   #    score  bias  c-Evalue  i-Evalue hmmfrom  hmm to    alifrom  ali to    envfrom  env to     acc
 ---   ------ ----- --------- --------- ------- -------    ------- -------    ------- -------    ----
   1 !  178.4   0.6   3.4e-56   1.1e-51       1     108 [.       6     111 ..       6     112 .] 0.99

>> tr|C0KZ01|C0KZ01_9BETC  Non-structural protein ns5 OS=Murine coronavirus repJHM/RA59 OX=429330 PE=4 SV=1
   #    score  bias  c-Evalue  i-Evalue hmmfrom  hmm to    alifrom  ali to    envfrom  env to     acc
 ---   ------ ----- --------- --------- ------- -------    ------- -------    ------- -------    ----
   1 !  178.4   0.6   3.4e-56   1.1e-51       1     108 [.       6     111 ..       6     112 .] 0.99

>> tr|Q9PY98|Q9PY98_CVM2  Non-structural protein OS=Murine coronavirus (strain 2) OX=76344 PE=2 SV=1
   #    score  bias  c-Evalue  i-Evalue hmmfrom  hmm to    alifrom  ali to    envfrom  env to     acc
 ---   ------ ----- --------- --------- ------- -------    ------- -------    ------- -------    ----
   1 !  176.1   1.2   1.7e-55   5.5e-51       1     109 []       1     107 []       1     107 [] 0.99

>> tr|A0A0A7UXT6|A0A0A7UXT6_9BETC  Non-structural protein NS5 OS=Betacoronavirus HKU24 OX=1590370 GN=NS5 PE=4 SV=1
   #    score  bias  c-Evalue  i-Evalue hmmfrom  hmm to    alifrom  ali to    envfrom  env to     acc
 ---   ------ ----- --------- --------- ------- -------    ------- -------    ------- -------    ----
   1 !  167.9   0.1   5.9e-53   1.9e-48       1     109 []       1     104 []       1     104 [] 0.99

>> tr|B2BW36|B2BW36_BWCOV  ORF 5a OS=Beluga whale coronavirus (strain SW1) OX=694015 PE=4 SV=1
   #    score  bias  c-Evalue  i-Evalue hmmfrom  hmm to    alifrom  ali to    envfrom  env to     acc
 ---   ------ ----- --------- --------- ------- -------    ------- -------    ------- -------    ----
   1 ?   13.4   0.1   6.1e-05         2      24      93 ..      10      83 ..       3      98 .. 0.74

>> tr|A0A2Z5HB99|A0A2Z5HB99_9CAUD  Uncharacterized protein OS=Escherichia phage UB OX=2268588 PE=4 SV=1
   #    score  bias  c-Evalue  i-Evalue hmmfrom  hmm to    alifrom  ali to    envfrom  env to     acc
 ---   ------ ----- --------- --------- ------- -------    ------- -------    ------- -------    ----
   1 ?   12.0   0.0   0.00017       5.4      52      93 ..      53      94 ..       8      98 .. 0.83
   2 ?   -2.9   0.0         7   2.3e+05      95     106 ..     156     167 ..     150     169 .. 0.79

>> tr|A0A7U3NKM4|A0A7U3NKM4_9CAUD  Site-specific tyrosine recombinase OS=Bacillus phage Kirov OX=2783539 GN=Kirov_177 PE
   #    score  bias  c-Evalue  i-Evalue hmmfrom  hmm to    alifrom  ali to    envfrom  env to     acc
 ---   ------ ----- --------- --------- ------- -------    ------- -------    ------- -------    ----
   1 ?    5.4   0.1     0.019   6.2e+02      10      56 ..      47      97 ..      39     119 .. 0.73
   2 ?   -1.4   0.0       2.4   7.8e+04      11      30 ..     115     134 ..     105     138 .. 0.83
   3 ?    4.5   0.0     0.036   1.2e+03      42      91 ..     206     255 ..     203     261 .. 0.91

>> tr|A0A5A4U604|A0A5A4U604_9CAUD  Phage protein OS=Escherichia phage SP27 OX=2495557 GN=EO157G_3710 PE=4 SV=1
   #    score  bias  c-Evalue  i-Evalue hmmfrom  hmm to    alifrom  ali to    envfrom  env to     acc
 ---   ------ ----- --------- --------- ------- -------    ------- -------    ------- -------    ----
   1 ?   11.9   0.0   0.00019       6.1      52      93 ..      64     105 ..      19     109 .. 0.83
   2 ?   -3.0   0.0         8   2.6e+05      95     106 ..     167     178 ..     162     180 .. 0.79

>> tr|M1JNV9|M1JNV9_NPVSL  DNA-directed DNA polymerase OS=Spodoptera littoralis nuclear polyhedrosis virus OX=10456 GN=S
   #    score  bias  c-Evalue  i-Evalue hmmfrom  hmm to    alifrom  ali to    envfrom  env to     acc
 ---   ------ ----- --------- --------- ------- -------    ------- -------    ------- -------    ----
   1 ?    1.8   0.0      0.24   7.8e+03      49     107 ..     129     187 ..     119     188 .. 0.82
   2 ?    7.4   0.0    0.0047   1.5e+02      11      33 ..     787     809 ..     780     816 .. 0.84

>> tr|A0A5P8D330|A0A5P8D330_9CAUD  Virion structural protein OS=Serratia phage PCH45 OX=2608368 PE=4 SV=1
   #    score  bias  c-Evalue  i-Evalue hmmfrom  hmm to    alifrom  ali to    envfrom  env to     acc
 ---   ------ ----- --------- --------- ------- -------    ------- -------    ------- -------    ----
   1 ?   -1.7   0.0         3   9.6e+04      77     104 ..      48      76 ..      32      80 .. 0.66
   2 ?   11.1   0.0   0.00032        10      35      92 ..     223     282 ..     208     284 .] 0.80

>> tr|A0A097EXY8|A0A097EXY8_9CAUD  Uncharacterized protein OS=Escherichia phage 121Q OX=1555202 GN=396 PE=4 SV=1
   #    score  bias  c-Evalue  i-Evalue hmmfrom  hmm to    alifrom  ali to    envfrom  env to     acc
 ---   ------ ----- --------- --------- ------- -------    ------- -------    ------- -------    ----
   1 ?   11.8   0.0   0.00019       6.1      52      93 ..      64     105 ..      19     109 .. 0.83

>> tr|A0A8S5KXS5|A0A8S5KXS5_9VIRU  Uncharacterized protein OS=ssRNA phage Zoerhiza.1_9 OX=2786787 GN=Zoerhiza.1_9_3 PE=4
   #    score  bias  c-Evalue  i-Evalue hmmfrom  hmm to    alifrom  ali to    envfrom  env to     acc
 ---   ------ ----- --------- --------- ------- -------    ------- -------    ------- -------    ----
   1 ?   12.1   0.0   0.00015       4.9      15      58 ..      10      50 ..       3      70 .. 0.84



Internal pipeline statistics summary:
-------------------------------------
Query model(s):                            1  (109 nodes)
Target sequences:                     579626  (137539668 residues searched)
Passed MSV filter:                     16123  (0.0278162); expected 11592.5 (0.02)
Passed bias filter:                    12503  (0.0215708); expected 11592.5 (0.02)
Passed Vit filter:                       791  (0.00136467); expected 579.6 (0.001)
Passed Fwd filter:                        18  (3.10545e-05); expected 5.8 (1e-05)
Initial search space (Z):             579626  [actual number of targets]
Domain search space  (domZ):              18  [number of targets reported over threshold]
# CPU time: 1.52u 0.07s 00:00:01.59 Elapsed: 00:00:00.71
# Mc/sec: 20942.58
//
[ok]
