# hmmbuild :: profile HMM construction from multiple sequence alignments
# HMMER 3.3.2 (Nov 2020); http://hmmer.org/
# Copyright (C) 2020 Howard Hughes Medical Institute.
# Freely distributed under the BSD open source license.
# - - - - - - - - - - - - - - - - - - - - - - - - - - - - - - - - - - - -
# input alignment file:             Microviridae/HMMER/10.aln
# output HMM file:                  Microviridae/HMMER/10.hmm
# input alignment is asserted as:   protein
# - - - - - - - - - - - - - - - - - - - - - - - - - - - - - - - - - - - -

# idx name                  nseq  alen  mlen eff_nseq re/pos description
#---- -------------------- ----- ----- ----- -------- ------ -----------
1     10                       7   635   553     0.84  0.589 

# CPU time: 0.32u 0.00s 00:00:00.32 Elapsed: 00:00:00.34
